[2026-05-25 12:07:11] ============================================================
[2026-05-25 12:07:11] Starting Korea IPTV M3U update
[2026-05-25 12:07:11] ============================================================
[2026-05-25 12:07:11] Fetching: https://iptv-org.github.io/iptv/countries/kr.m3u
[2026-05-25 12:07:11]   Parsed 76 channels
[2026-05-25 12:07:11] Fetching: https://iptv-org.github.io/iptv/languages/kor.m3u
[2026-05-25 12:07:11]   Parsed 80 channels
[2026-05-25 12:07:11] Total unique channels: 85
[2026-05-25 12:07:11] Testing channels...
[2026-05-25 12:07:12]   [1/85] ABN TV (720p)                                 OK (HTTP 200)
[2026-05-25 12:07:13]   [2/85] Arirang Radio (720p)                          OK (HTTP 200)
[2026-05-25 12:07:13]   [3/85] Arirang TV (1080p)                            OK (HTTP 200)
[2026-05-25 12:07:14]   [4/85] Arirang TV HD                                 OK (HTTP 200)
[2026-05-25 12:07:15]   [5/85] BBS Buddhist Broadcasting (1080p)             OK (HTTP 200)
[2026-05-25 12:07:18]   [6/85] BTN TV (1080p)                                OK (HTTP 200)
[2026-05-25 12:07:18]   [7/85] CGNTV South Korea (1080p)                     DOWN (HTTP 000)
[2026-05-25 12:07:19]   [8/85] Channel A [Geo-blocked]                       DOWN (HTTP 403)
[2026-05-25 12:07:20]   [9/85] CJ OnStyle (540p)                             OK (HTTP 200)
[2026-05-25 12:07:21]   [10/85] CJ OnStyle Plus (540p)                        OK (HTTP 200)
[2026-05-25 12:07:22]   [11/85] EBS 1 (400p) [Not 24/7]                       OK (HTTP 200)
[2026-05-25 12:07:23]   [12/85] EBS 2 (400p) [Not 24/7]                       OK (HTTP 200)
[2026-05-25 12:07:23]   [13/85] EBS E (400p) [Not 24/7]                       OK (HTTP 200)
[2026-05-25 12:07:24]   [14/85] EBS kids (400p) [Not 24/7]                    OK (HTTP 200)
[2026-05-25 12:07:25]   [15/85] EBS+ 1 (400p)                                 OK (HTTP 200)
[2026-05-25 12:07:26]   [16/85] EBS+ 2 (400p)                                 OK (HTTP 200)
[2026-05-25 12:07:27]   [17/85] FGTV (720p)                                   OK (HTTP 200)
[2026-05-25 12:07:29]   [18/85] GCN24 Korean (720p)                           OK (HTTP 200)
[2026-05-25 12:07:30]   [19/85] Gongyoung Shopping (720p)                     OK (HTTP 200)
[2026-05-25 12:07:31]   [20/85] GoodTV (1080p)                                OK (HTTP 200)
[2026-05-25 12:07:33]   [21/85] GS My Shop (1080p)                            OK (HTTP 200)
[2026-05-25 12:07:34]   [22/85] GS Shop (1080p)                               OK (HTTP 200)
[2026-05-25 12:07:36]   [23/85] GugakTV 국악방송 (1080p)                          OK (HTTP 200)
[2026-05-25 12:07:37]   [24/85] Gugbang TV (1080p) [Not 24/7]                 OK (HTTP 200)
[2026-05-25 12:07:38]   [25/85] Home & Shopping (720p)                        OK (HTTP 200)
[2026-05-25 12:07:39]   [26/85] Hyundai Home Shopping (720p)                  OK (HTTP 200)
[2026-05-25 12:07:40]   [27/85] Hyundai Home Shopping Plus (720p)             OK (HTTP 200)
[2026-05-25 12:07:41]   [28/85] Job Plus TV (한국직업방송) (480p)                   DOWN (HTTP 404)
[2026-05-25 12:07:42]   [29/85] KCTV 광주 CH05 (720p) [Not 24/7]                OK (HTTP 200)
[2026-05-25 12:07:43]   [30/85] Korea TV (1080p)                              OK (HTTP 200)
[2026-05-25 12:07:53]   [31/85] KShopping (1080p)                             DOWN (HTTP 000)
[2026-05-25 12:07:54]   [32/85] Lotte Home Shopping (720p)                    OK (HTTP 200)
[2026-05-25 12:07:54]   [33/85] Lotte OneTV (720p)                            OK (HTTP 200)
[2026-05-25 12:07:55]   [34/85] MBC Andong (안동 MBC) (360p) [Not 24/7]         OK (HTTP 200)
[2026-05-25 12:08:05]   [35/85] MBC Busan (부산MBC) (360p) [Not 24/7]           DOWN (HTTP 000)
[2026-05-25 12:08:06]   [36/85] MBC Chuncheon (춘천 MBC) (480p) [Not 24/7]      OK (HTTP 200)
[2026-05-25 12:08:07]   [37/85] MBC Chungbuk (MBC 충북) (720p) [Not 24/7]       OK (HTTP 200)
[2026-05-25 12:08:08]   [38/85] MBC Daegu (대구 MBC) (480p) [Not 24/7]          OK (HTTP 200)
[2026-05-25 12:08:09]   [39/85] MBC Daejeon (대전 MBC) (720p) [Not 24/7]        OK (HTTP 200)
[2026-05-25 12:08:09]   [40/85] MBC Drama (480p) [Geo-blocked]                DOWN (HTTP 200)
[2026-05-25 12:08:10]   [41/85] MBC Gangwon (MBC 강원영동) (1080p) [Not 24/7]     OK (HTTP 200)
[2026-05-25 12:08:20]   [42/85] MBC Gwangju (광주 MBC) (1080p) [Geo-blocked] [N DOWN (HTTP 000)
[2026-05-25 12:08:20]   [43/85] MBC Gyeongnam (경남 MBC) (1080p) [Not 24/7]     DOWN (HTTP 000)
[2026-05-25 12:08:21]   [44/85] MBC Jeju (제주 MBC) (352p) [Not 24/7]           OK (HTTP 200)
[2026-05-25 12:08:31]   [45/85] MBC Jeonju (450p)                             DOWN (HTTP 000)
[2026-05-25 12:08:32]   [46/85] MBC Mokpo (목포 MBC) (720p) [Not 24/7]          OK (HTTP 200)
[2026-05-25 12:08:33]   [47/85] MBC Net (480p) [Geo-blocked]                  DOWN (HTTP 200)
[2026-05-25 12:08:43]   [48/85] MBC Yeosu (여수 MBC) (1080p) [Not 24/7]         DOWN (HTTP 000)
[2026-05-25 12:08:44]   [49/85] MNB World (1080p)                             DOWN (HTTP 200)
[2026-05-25 12:08:54]   [50/85] MTN (720p)                                    DOWN (HTTP 000)
[2026-05-25 12:08:54]   [51/85] National Assembly TV (720p)                   OK (HTTP 200)
[2026-05-25 12:08:55]   [52/85] NBS Korea Agricultural Broadcasting (720p)    OK (HTTP 200)
[2026-05-25 12:08:56]   [53/85] NHTV (720p)                                   OK (HTTP 200)
[2026-05-25 12:08:57]   [54/85] NS Home Shopping (720p)                       DOWN (HTTP 000)
[2026-05-25 12:08:57]   [55/85] NS Shop Plus (720p)                           DOWN (HTTP 000)
[2026-05-25 12:08:58]   [56/85] OBS Gyeongin TV (OBS경인TV) (540p) [Not 24/7]   DOWN (HTTP 000)
[2026-05-25 12:08:59]   [57/85] OUN (1080p)                                   OK (HTTP 200)
[2026-05-25 12:09:09]   [58/85] RTV (720p)                                    DOWN (HTTP 000)
[2026-05-25 12:09:10]   [59/85] RUTC TV (720p)                                OK (HTTP 200)
[2026-05-25 12:09:10]   [60/85] SBS CJB (540p) [Not 24/7]                     OK (HTTP 200)
[2026-05-25 12:09:10]   [61/85] SBS G1 (360p) [Not 24/7]                      OK (HTTP 200)
[2026-05-25 12:09:11]   [62/85] SBS JIBS (720p) [Not 24/7]                    OK (HTTP 200)
[2026-05-25 12:09:11]   [63/85] SBS JTV (406p) [Not 24/7]                     OK (HTTP 200)
[2026-05-25 12:09:12]   [64/85] SBS KBC (1080p) [Not 24/7]                    OK (HTTP 200)
[2026-05-25 12:09:13]   [65/85] SBS KNN (1080p) [Not 24/7]                    DOWN (HTTP 403)
[2026-05-25 12:09:23]   [66/85] SBS TBC (540p) [Geo-blocked] [Not 24/7]       DOWN (HTTP 000)
[2026-05-25 12:09:24]   [67/85] SBS UBC (540p) [Not 24/7]                     OK (HTTP 200)
[2026-05-25 12:09:25]   [68/85] Shinsegae Shopping TV (720p)                  OK (HTTP 200)
[2026-05-25 12:09:27]   [69/85] Shopping NT (720p)                            OK (HTTP 200)
[2026-05-25 12:09:29]   [70/85] TBS Seoul (720p)                              OK (HTTP 200)
[2026-05-25 12:09:31]   [71/85] TV Chosun (720p)                              OK (HTTP 200)
[2026-05-25 12:09:32]   [72/85] TV Chosun 2 (720p)                            OK (HTTP 200)
[2026-05-25 12:09:32]   [73/85] W Shopping (720p)                             OK (HTTP 200)
[2026-05-25 12:09:33]   [74/85] WBS TV (720p)                                 DOWN (HTTP 000)
[2026-05-25 12:09:43]   [75/85] YTN (720p)                                    DOWN (HTTP 000)
[2026-05-25 12:09:43]   [76/85] Zee Bollymovies (1080p) [Geo-blocked]         DOWN (HTTP 000)
[2026-05-25 12:09:43]   [77/85] Channel U                                     DOWN (HTTP 404)
[2026-05-25 12:09:44]   [78/85] KBS World                                     OK (HTTP 200)
[2026-05-25 12:09:45]   [79/85] Korean Central Television (KCTV) (1080i) [Not OK (HTTP 200)
[2026-05-25 12:09:45]   [80/85] Korean Central Television (KCTV) (576p)       DOWN (HTTP 403)
[2026-05-25 12:09:46]   [81/85] KpopTV Play (576p)                            OK (HTTP 200)
[2026-05-25 12:09:46]   [82/85] Lighting Lives Blessing Nations TV Korean (LL OK (HTTP 200)
[2026-05-25 12:09:46]   [83/85] MBC America (1080p)                           OK (HTTP 200)
[2026-05-25 12:09:47]   [84/85] Persiana Korea                                OK (HTTP 200)
[2026-05-25 12:09:47]   [85/85] RTB Aneka (720p)                              OK (HTTP 200)
[2026-05-25 12:09:47] 
Playable: 61 | Down: 24
[2026-05-25 12:09:47] Generated: /home/runner/work/kr-iptv/kr-iptv/kr_live.m3u
[2026-05-25 12:09:47] Update complete!
